hoskam@auto:~/Documents/winter2022/ECE362/ECE362Assignment1/src$ make all
rm -f *.o *.exe
clear
cc    -c -o main.o main.c
gcc -std=c99 -Wall -pedantic main.o -o main.exe
./main zebra apple horse orange rat


apple
horse
orange
rat
zebra


./main zebra apple horse orange rat -h


HIGH: zebra


./main zebra -h apple horse orange rat


HIGH: zebra


./main zebra apple horse orange rat -l


LOW: apple


./main zebra apple horse -l orange rat


LOW: apple


./main zebra apple -h horse -l orange rat


LOW: apple
HIGH: zebra


./main -h


ERROR: invalid arguments
Usage: filter [-l] [-h] string string ...


./main -l


ERROR: invalid arguments
Usage: filter [-l] [-h] string string ...


hoskam@auto:~/Documents/winter2022/ECE362/ECE362Assignment1/src$ ./main -l forward backward left right up down


LOW: backward


hoskam@auto:~/Documents/winter2022/ECE362/ECE362Assignment1/src$ ./main -hl forward backward left right up down


-hl
backward
down
forward
left
right
up


hoskam@auto:~/Documents/winter2022/ECE362/ECE362Assignment1/src$ ./main -h forward backward left right up down


HIGH: up


hoskam@auto:~/Documents/winter2022/ECE362/ECE362Assignment1/src$ ./main -l


ERROR: invalid arguments
Usage: filter [-l] [-h] string string ...


hoskam@auto:~/Documents/winter2022/ECE362/ECE362Assignment1/src$ ake help
-bash: ake: command not found
hoskam@auto:~/Documents/winter2022/ECE362/ECE362Assignment1/src$ make help
To find the highest value add -h to the list of values
To find the lowest value add -l to the list of values
To sort the list don't add any modifiers to the list
